
> val-proposal@0.1.0 build
> next build

Γû▓ Next.js 16.1.6 (Turbopack)

  Creating an optimized production build ...
Γ£ô Compiled successfully in 2.6s
  Running TypeScript ...
  Collecting page data using 15 workers ...
  Generating static pages using 15 workers (0/4) ...
node.exe : Error 
occurred 
prerendering page 
"/". Read more: https
://nextjs.org/docs/me
ssages/prerender-erro
r
At line:1 char:1
+ & "C:\Program Files
\nodejs/node.exe" "C:
\Dev\npm-global/node_
modules/ ...
+ ~~~~~~~~~~~~~~~~~~~
~~~~~~~~~~~~~~~~~~~~~
~~~~~~~~~~~~~~~~~~~~~
~~~~~~~~
    + CategoryInfo   
           : NotSpe  
  cified: (Error o   
 ccurred ...prere    
nder-error:Strin    
g) [], RemoteExc    
eption
    + FullyQualified 
   ErrorId : Native  
  CommandError
 
ReferenceError: 
autoStart is not 
defined
    at fN (C:\Users\f
agbe\Documents\val-pr
oposal\.next\server\c
hunks\ssr\_15d451f3._
.js:1:129086) {
  digest: 
'4050240355'
}
Export encountered 
an error on /page: 
/, exiting the build.
Γ¿» Next.js build 
worker exited with 
code: 1 and signal: 
null
